Archive member included because of file (symbol)

drivers/net/sk98lin/libsk98lin.o(uboot_drv.o)
                              board/mv_ebu/common/libmv_ebu.o (skge_initialize)
drivers/net/sk98lin/libsk98lin.o(uboot_skb.o)
                              drivers/net/sk98lin/libsk98lin.o(uboot_drv.o) (alloc_skb)
drivers/net/sk98lin/libsk98lin.o(sky2.o)
                              drivers/net/sk98lin/libsk98lin.o(uboot_drv.o) (SkY2Xmit)
drivers/net/sk98lin/libsk98lin.o(skge.o)
                              drivers/net/sk98lin/libsk98lin.o(uboot_drv.o) (skge_probe)
drivers/net/sk98lin/libsk98lin.o(sky2le.o)
                              drivers/net/sk98lin/libsk98lin.o(sky2.o) (SkGeY2InitSingleLETable)
drivers/net/sk98lin/libsk98lin.o(skdim.o)
                              drivers/net/sk98lin/libsk98lin.o(skge.o) (SkDimModerate)
drivers/net/sk98lin/libsk98lin.o(skaddr.o)
                              drivers/net/sk98lin/libsk98lin.o(skge.o) (SkAddrInit)
drivers/net/sk98lin/libsk98lin.o(skgeinit.o)
                              drivers/net/sk98lin/libsk98lin.o(sky2.o) (SkGeRxCsum)
drivers/net/sk98lin/libsk98lin.o(skgesirq.o)
                              drivers/net/sk98lin/libsk98lin.o(sky2.o) (SkGeSirqIsr)
drivers/net/sk98lin/libsk98lin.o(sktwsi.o)
                              drivers/net/sk98lin/libsk98lin.o(skgeinit.o) (SkI2cWaitIrq)
drivers/net/sk98lin/libsk98lin.o(sklm80.o)
                              drivers/net/sk98lin/libsk98lin.o(sktwsi.o) (SkLm80ReadSensor)
drivers/net/sk98lin/libsk98lin.o(skqueue.o)
                              drivers/net/sk98lin/libsk98lin.o(skge.o) (SkEventInit)
drivers/net/sk98lin/libsk98lin.o(skrlmt.o)
                              drivers/net/sk98lin/libsk98lin.o(skgesirq.o) (SkRlmtEvent)
drivers/net/sk98lin/libsk98lin.o(sktimer.o)
                              drivers/net/sk98lin/libsk98lin.o(skdim.o) (SkTimerStop)
drivers/net/sk98lin/libsk98lin.o(skxmac2.o)
                              drivers/net/sk98lin/libsk98lin.o(skgesirq.o) (SkGmPhyRead)
drivers/net/sk98lin/libsk98lin.o(skgehwt.o)
                              drivers/net/sk98lin/libsk98lin.o(sktimer.o) (SkHwtInit)
/home/tigerg/Public/axp/uboot/2013Q2/toolchain/Marvell_toolchain_201301/armv7-marvell-linux-gnueabi-softfp_i686/bin/../lib/gcc/arm-marvell-linux-gnueabi/4.6.4/libgcc.a(_udivsi3.o)
                              arch/arm/cpu/armv7/pj4/libpj4.o (__aeabi_uidiv)
/home/tigerg/Public/axp/uboot/2013Q2/toolchain/Marvell_toolchain_201301/armv7-marvell-linux-gnueabi-softfp_i686/bin/../lib/gcc/arm-marvell-linux-gnueabi/4.6.4/libgcc.a(_divsi3.o)
                              board/mv_ebu/common/libmv_ebu.o (__aeabi_idiv)
/home/tigerg/Public/axp/uboot/2013Q2/toolchain/Marvell_toolchain_201301/armv7-marvell-linux-gnueabi-softfp_i686/bin/../lib/gcc/arm-marvell-linux-gnueabi/4.6.4/libgcc.a(_lshrdi3.o)
                              drivers/mtd/nand/libnand.o (__aeabi_llsr)
/home/tigerg/Public/axp/uboot/2013Q2/toolchain/Marvell_toolchain_201301/armv7-marvell-linux-gnueabi-softfp_i686/bin/../lib/gcc/arm-marvell-linux-gnueabi/4.6.4/libgcc.a(_ashrdi3.o)
                              board/mv_ebu/common/libmv_ebu.o (__aeabi_lasr)
/home/tigerg/Public/axp/uboot/2013Q2/toolchain/Marvell_toolchain_201301/armv7-marvell-linux-gnueabi-softfp_i686/bin/../lib/gcc/arm-marvell-linux-gnueabi/4.6.4/libgcc.a(_ashldi3.o)
                              board/mv_ebu/common/libmv_ebu.o (__aeabi_llsl)
/home/tigerg/Public/axp/uboot/2013Q2/toolchain/Marvell_toolchain_201301/armv7-marvell-linux-gnueabi-softfp_i686/bin/../lib/gcc/arm-marvell-linux-gnueabi/4.6.4/libgcc.a(_aeabi_uldivmod.o)
                              drivers/mmc/libmmc.o (__aeabi_uldivmod)
/home/tigerg/Public/axp/uboot/2013Q2/toolchain/Marvell_toolchain_201301/armv7-marvell-linux-gnueabi-softfp_i686/bin/../lib/gcc/arm-marvell-linux-gnueabi/4.6.4/libgcc.a(_dvmd_lnx.o)
                              /home/tigerg/Public/axp/uboot/2013Q2/toolchain/Marvell_toolchain_201301/armv7-marvell-linux-gnueabi-softfp_i686/bin/../lib/gcc/arm-marvell-linux-gnueabi/4.6.4/libgcc.a(_udivsi3.o) (__aeabi_idiv0)
/home/tigerg/Public/axp/uboot/2013Q2/toolchain/Marvell_toolchain_201301/armv7-marvell-linux-gnueabi-softfp_i686/bin/../lib/gcc/arm-marvell-linux-gnueabi/4.6.4/libgcc.a(bpabi.o)
                              /home/tigerg/Public/axp/uboot/2013Q2/toolchain/Marvell_toolchain_201301/armv7-marvell-linux-gnueabi-softfp_i686/bin/../lib/gcc/arm-marvell-linux-gnueabi/4.6.4/libgcc.a(_aeabi_uldivmod.o) (__gnu_uldivmod_helper)
/home/tigerg/Public/axp/uboot/2013Q2/toolchain/Marvell_toolchain_201301/armv7-marvell-linux-gnueabi-softfp_i686/bin/../lib/gcc/arm-marvell-linux-gnueabi/4.6.4/libgcc.a(_divdi3.o)
                              /home/tigerg/Public/axp/uboot/2013Q2/toolchain/Marvell_toolchain_201301/armv7-marvell-linux-gnueabi-softfp_i686/bin/../lib/gcc/arm-marvell-linux-gnueabi/4.6.4/libgcc.a(bpabi.o) (__divdi3)
[...]
Memory Configuration

Name             Origin             Length             Attributes
*default*        0x00000000         0xffffffff

Linker script and memory map

                0x00000000                . = 0x0
                0x00000000                . = ALIGN (0x4)

.text           0x00000000    0x8b39c
 arch/arm/cpu/armv7/start.o(.text)
 .text          0x00000000      0x5e0 arch/arm/cpu/armv7/start.o
                0x00000000                _start
                0x00000040                _end_vect
                0x00000040                _TEXT_BASE
                0x00000044                _bss_start_ofs
                0x00000048                _image_copy_end_ofs
                0x0000004c                _bss_end_ofs
                0x00000050                _end_ofs
                0x00000054                IRQ_STACK_START_IN
                0x000000f0                relocate_code
                0x00000200                cpu_init_cp15
                0x00000500                armv7_mmu_cache_flush
 *(.text)
 .text          0x000005e0      0xe64 api/libapi.o
                0x00000c10                syscall
                0x00000c78                api_init
                0x00000e10                platform_set_mr
                0x00000e70                display_get_info
                0x00000e80                display_draw_bitmap
                0x00000e90                display_clear
                0x00000e94                dev_open_net
                0x00000ec8                dev_close_net
                0x00000ef0                dev_enum_net
                0x00000f34                dev_write_net
                0x00000f40                dev_read_net
                0x00001130                dev_stor_init
                0x000011d0                dev_enum_reset
                0x00001208                dev_enum_storage
                0x00001314                dev_open_stor
                0x00001348                dev_close_stor
                0x00001350                dev_read_stor
                0x000013fc                platform_sys_info
 .text          0x00001444      0x324 arch/arm/cpu/armv7/libarmv7.o
                0x000015fc                invalidate_dcache_all
                0x00001610                flush_dcache_all
                0x00001624                invalidate_dcache_range
                0x00001648                flush_dcache_range
                0x0000166c                arm_init_before_mmu
                0x00001698                flush_cache
                0x000016a0                invalidate_icache_all
                0x000016b8                __v7_outer_cache_enable
                0x000016b8                v7_outer_cache_enable
                0x000016bc                v7_outer_cache_disable
                0x000016bc                __v7_outer_cache_disable
                0x000016c0                __v7_outer_cache_flush_all
                0x000016c0                v7_outer_cache_flush_all
                0x000016c4                v7_outer_cache_inval_all
                0x000016c4                __v7_outer_cache_inval_all
                0x000016c8                v7_outer_cache_flush_range
                0x000016c8                __v7_outer_cache_flush_range
                0x000016cc                __v7_outer_cache_inval_range
                0x000016cc                v7_outer_cache_inval_range
                0x000016d0                save_boot_params_default
                0x000016d0                save_boot_params
                0x000016d4                cleanup_before_linux
                0x000016fc                sdelay
                0x00001708                sr32
                0x00001730                wait_on_value
 .text          0x00001768      0x1ec arch/arm/cpu/armv7/pj4/libpj4.o
                0x00001768                set_timer
                0x00001778                reset_timer_masked
                0x000017a8                reset_timer
                0x000017ac                timer_init
                0x00001808                __udelay
                0x0000188c                get_timer_masked
                0x000018d8                get_timer
                0x000018f0                udelay_masked
                0x00001938                get_ticks
                0x0000194c                get_tbclk
 .text          0x00001954      0xd58 arch/arm/lib/libarm.o
                0x000019ac                coloured_LED_init
                0x000019ac                __coloured_LED_init
                0x000019b0                __red_led_on
                0x000019b0                red_led_on
                0x000019b4                __red_led_off
                0x000019b4                red_led_off
                0x000019b8                green_led_on
                0x000019b8                __green_led_on
                0x000019bc                green_led_off
                0x000019bc                __green_led_off
                0x000019c0                yellow_led_on
                0x000019c0                __yellow_led_on
                0x000019c4                __yellow_led_off
                0x000019c4                yellow_led_off
                0x000019c8                blue_led_on
                0x000019c8                __blue_led_on
                0x000019cc                __blue_led_off
                0x000019cc                blue_led_off
                0x000019d0                __dram_init_banksize
                0x000019ec                board_init_r
                0x00001af4                hang
                0x00001b08                board_init_f
                0x00001c40                arch_lmb_reserve
                0x00001c64                do_bootm_linux
                0x00002280                __flush_cache
                0x00002284                __flush_dcache_all
                0x00002290                __enable_caches
                0x000023e4                __arm_init_before_mmu
                0x000023e8                icache_enable
                0x000023f0                icache_disable
                0x000023f8                icache_status
                0x00002404                dcache_enable
                0x0000240c                dcache_disable
                0x00002414                dcache_status
                0x00002420                interrupt_init
                0x0000243c                enable_interrupts
                0x00002440                disable_interrupts
                0x00002448                bad_mode
                0x00002458                show_regs
                0x0000259c                do_undefined_instruction
                0x000025bc                do_software_interrupt
                0x000025dc                do_prefetch_abort
                0x000025fc                do_data_abort
                0x0000261c                do_not_used
                0x0000263c                do_fiq
                0x0000265c                do_irq
                0x0000267c                do_reset
 .text          0x000026ac    0x26f9c board/mv_ebu/common/libmv_ebu.o
                0x000026ac                mvCharToHex
                0x000026ec                mvCharToDigit
                0x00002700                mvMacStrToHex
                0x00002758                mvMacHexToStr
                0x000027a0                mvSizePrint
                0x000028b8                mvHexToBin
                0x00002914                mvAsciiToHex
                0x0000295c                mvBinToHex
                0x000029b0                mvBinToAscii
                0x00002a04                mvLog2
                0x00002a30                mvWinOverlapTest
                0x00002a38                mvWinWithinWinTest
                0x00002aec                mvOsCpuRevGet
                0x00002af8                mvOsCpuPartGet
                0x00002b04                mvOsCpuArchGet
                0x00002b10                mvOsCpuVarGet
                0x00002b1c                mvOsCpuAsciiGet
                0x00002b28                mvOsCpuThumbEEGet
                0x00002b34                mvOsIoVirtToPhy
                0x00002b3c                mvOsIoUncachedMalloc
                0x00002b58                mvOsIoUncachedFree
                0x00002b60                mvOsIoUncachedAlignedMalloc
                0x00002ba4                mvOsIoUncachedAlignedFree
                0x00002bac                mvOsIoCachedMalloc
                0x00002bc8                mvOsIoCachedFree
                0x00002bd0                mvOsCacheFlush
                0x00002bd8                mvOsCacheInvalidate
                0x00002be0                mvOsRand
                0x00002be8                mvOsStrCmp
                0x00002c4c                mvSwapShort
                0x00002c50                mvSwapWord
                0x00002c54                mvCntmrHalInit
                0x00002c78                mvCntmrLoad
                0x00002ce8                mvCntmrRead
                0x00002d0c                mvCntmrReadDiff
                0x00002d34                mvCntmrWrite
                0x00002d58                mvCntmrCtrlSet
                0x00002f54                mvCntmrCtrlGet
                0x000030bc                mvCntmrEnable
                0x00003120                mvCntmrDisable
                0x00003184                mvCntmrStart
                0x000031c8                mvCntmrIntClear
                0x00003224                mvCntmrFrqGet
                0x000032b4                mvDramIfHwSizeGet
                0x00003330                mvDramIfHwCsSizeGet
                0x00003354                mvDramIfWinGet
                0x0000345c                mvDramIfWinSet
                0x00003534                mvDramIfBankSizeGet
                0x00003564                mvDramIfSizeGet
                0x00003594                mvDramIfWinEnable
                0x00003638                mvDdrPhyRegRead
                0x0000366c                mvDdrPhyRegWrite
                0x0000369c                mvDramIfSingleBitErrThresholdSet
                0x000036cc                mvEthPhyHalInit
                0x000036f0                mvEthPhyRegRead
                0x00003804                rdPhy
                0x00003848                mvEthPhyRegPrint
                0x00003898                mvEthPhyRegWrite
                0x00003af4                mvEthPhyReset
                0x00003b80                mvEthPhyRestartAN
                0x00003c1c                mvEthPhyDisableAN
                0x00003d04                mvEthPhyLoopback
                0x00003e68                mvEthPhyCheckLink
                0x00003ef8                mvEthPhyPrintStatus
                0x00003fec                mvEthPhyAdvertiseSet
                0x00004060                mvEthPhyAdvertiseGet
                0x000040b4                mvEthE1111PhyBasicInit
                0x00004148                mvEthE1112PhyBasicInit
                0x000041f8                mvEthE1310PhyBasicInit
                0x000042b8                mvEthE1116PhyBasicInit
                0x0000438c                mvEthE3016PhyBasicInit
                0x00004428                mvEthE1011PhyBasicInit
                0x000044a4                mvEthE1112PhyPowerDown
                0x000044ac                mvEthE1112PhyPowerUp
                0x000044b4                mvEth1145PhyBasicInit
                0x00004558                mvEthSgmiiToCopperPhyBasicInit
                0x000045c0                mvEth1121PhyBasicInit
                0x00004680                mvEthInternalGEPhyBasicInit
                0x00004684                mvEth1540Y0PhyBasicInit
                0x00004ff8                mvEth1540A1PhyBasicInit
                0x00005410                mvEth1540A0PhyBasicInit
                0x00005afc                mvEth1540PhyBasicInit
                0x00005bcc                mvEth1340PhyBasicInit
                0x00005c84                mvEthE1512PhyBasicInit
                0x00005d9c                mvEthPhyInit
                0x00005fd8                mvEthPhyAddGet
                0x00006004                mvGppInit
                0x00006028                mvGppTypeSet
                0x00006094                mvGppBlinkEn
                0x000060c0                mvGppPolaritySet
                0x000060ec                mvGppPolarityGet
                0x00006110                mvGppValueGet
                0x0000612c                mvGppValueSet
                0x000061e4                mvGppAtomicValueClear
                0x00006234                mvGppAtomicValueSet
                0x00006284                mvPexModeGet
                0x00006398                mvPexMasterEnable
                0x00006448                mvPexLocalBusNumSet
                0x0000653c                mvPexLocalBusNumGet
                0x000065d4                mvPexLocalDevNumSet
                0x000066cc                mvPexLocalDevNumGet
                0x00006754                mvPexConfigWrite
                0x00006990                mvPexConfigRead
                0x00006c08                mvPexSlaveEnable
                0x00006ca8                mvPexPhyRegRead
                0x00006d0c                mvPexPhyRegWrite
                0x00006d64                mvPexActiveStateLinkPMEnable
                0x00006ea4                mvPexForceX1
                0x00006f50                mvPexIfEnable
                0x000071cc                mvPexPhyPowerDown
                0x000071f8                mvPexInit
                0x000073d0                mvPexBarSet
                0x000076d0                mvPexBarGet
                0x000078d4                mvPexBarEnable
                0x00007a20                pexWinRegInfoGet
                0x00007d1c                mvPexTargetWinRemapEnable
                0x00007d78                mvPexTargetWinRemap
                0x00007e38                mvPexTargetWinRead
                0x00007eec                mvPexTargetWinEnable
                0x00007fe0                mvPexTargetWinWrite
                0x000081c8                mvPexWinInit
                0x00008410                pexBarNameGet
                0x0000842c                mvRtcTimeSet
                0x00008590                mvRtcTimeGet
                0x0000861c                mvRtcInit
                0x00009cfc                waitForBusyAfterHReset
                0x00009d58                _setActivePMPort
                0x00009f80                disableSaDevInterrupts
                0x0000a9b0                mvSataShutdownAdapter
                0x0000a9d8                mvSataReadReg
                0x0000a9f0                mvSataWriteReg
                0x0000aa00                mvSataConfigureChannel
                0x0000aaf0                mvSataRemoveChannel
                0x0000ab18                mvSataIsStorageDeviceConnected
                0x0000acd8                mvSataChannelHardReset
                0x0000addc                mvSataSetFBSMode
                0x0000ae4c                mvSataConfigEdmaMode
                0x0000b154                mvSataEnableChannelDma
                0x0000b19c                mvSataDisableChannelDma
                0x0000b1d4                mvSataFlushDmaQueue
                0x0000b22c                mvSataNumOfDmaCommands
                0x0000b25c                mvSataGetNumOfPortQueuedCommands
                0x0000b2a8                mvSataSetIntCoalParams
                0x0000b3e8                mvSataSetChannelPhyParams
                0x0000b528                mvSataChannelPhyShutdown
                0x0000b5c4                mvSataInitAdapter
                0x0000c14c                mvSataChannelPhyPowerOn
                0x0000c23c                mvSataChannelFarLoopbackDiagnostic
                0x0000c3f0                mvSataQueueCommand
                0x0000c5a8                mvSataSetInterruptsScheme
                0x0000c5bc                mvSataCheckPendingInterrupt
                0x0000c5f4                mvSataInterruptServiceRoutine
                0x0000d234                mvSataMaskAdapterInterrupt
                0x0000d254                mvSataUnmaskAdapterInterrupt
                0x0000d274                mvSataEnableStaggeredSpinUpAll
                0x0000d3c8                mvSataEnableStaggeredSpinUp
                0x0000d430                mvSataDisableStaggeredSpinUp
                0x0000d4a8                mvSataDisableStaggeredSpinUpAll
                0x0000d4f8                mvSataSetInterfaceSpeed
                0x0000d684                mvSataGetInterfaceSpeed
                0x0000d6fc                mvSataSetInterfacePowerState
                0x0000d7e0                mvSataGetInterfacePowerState
                0x0000d850                mvSata60X1B2CheckDevError
                0x0000d8fc                mvSataIfD2HReceived
                0x0000d948                mvSataWinRead
                0x0000d9ec                mvSataWinWrite
                0x0000db4c                mvSataWinInit
                0x0000dbec                waitWhileStorageDevIsBusy
                0x0000dc4c                waitWhileStorageDevIsBusy_88SX60X1
                0x0000dcec                waitForDRQ
                0x0000dd4c                enableStorageDevInterrupt
                0x0000dd7c                disableStorageDevInterrupt
                0x0000ddac                mvStorageDevATAIdleImmediate
                0x0000de40                _startSoftResetDevice
                0x0000de80                _isDeviceBsyBitOff
                0x0000dea4                mvStorageDevATAStartSoftResetDevice
                0x0000def4                waitForDRQToClear
                0x0000df54                executeNonUDMACommand
                0x0000e398                mvStorageDevATAExecuteNonUDMACommand
                0x0000e434                mvStorageDevATASetFeatures
                0x0000e490                mvStorageDevATAIdentifyDevice
                0x0000e558                dumpAtaDeviceRegisters
                0x0000e634                _PMAccessReg
                0x0000e75c                mvStorageIsDeviceBsyBitOff
                0x0000e7b8                _doSoftReset
                0x0000e848                mvStorageDevATASoftResetDevice
                0x0000e8c0                mvPMDevReadReg
                0x0000e990                mvPMDevWriteReg
                0x0000e9fc                mvPMLinkUp
                0x0000ea64                mvPMDevEnableStaggeredSpinUp
                0x0000ea6c                mvPMDevEnableStaggeredSpinUpAll
                0x0000eb90                mvPMDevEnableStaggeredSpinUpPort
                0x0000ec08                mvStorageDevExecutePIO
                0x0000ecbc                mvStorageDevSetDeviceType
                0x0000ecdc                mvStorageDevGetDeviceType
                0x0000ecf8                mvSpi16bitDataTxRx
                0x0000ed7c                mvSpiCsSet
                0x0000edd0                mvSpiIfConfigSet
                0x0000ee24                mvSpiTimingParamsSet
                0x0000ee70                mvSpiBaudRateSet
                0x0000ef5c                mvSpiParamsSet
                0x0000efe4                mvSpiCsAssert
                0x0000f01c                mvSpiCsDeassert
                0x0000f03c                mvSpiInit
                0x0000f120                mvSpi8bitDataTxRx
                0x0000f20c                mvSpiRead
                0x0000f308                mvSpiWrite
                0x0000f404                mvSpiReadWrite
                0x0000f524                mvSpiReadAndWrite
                0x0000f5a0                mvSpiWriteThenWrite
                0x0000f65c                mvSpiWriteThenRead
                0x0000f8ec                mvTwsiStartBitSet
                0x0000f9c8                mvTwsiStopBitSet
                0x0000fa8c                mvTwsiInit
                0x0000fc6c                mvTwsiAddrSet
                0x0000fecc                mvTwsiRead
                0x00010188                mvTwsiWrite
                0x000102d0                mvUartInit
                0x00010310                mvUartPutc
                0x00010330                mvUartGetc
                0x00010350                mvUartTstc
                0x00010520                mvUsbGetCapRegAddr
                0x00010534                mvUsbPllInit
                0x00010584                mvUsbHalInit
                0x00010af4                mvUsbPowerDown
                0x00010b48                mvUsbPowerUp
                0x00010b94                mvUsbRegs
                0x00010c94                mvUsbCoreRegs
                0x00010fe8                mvUsbWinRead
                0x000110a8                mvUsbWinWrite
                0x0001128c                mvUsbWinInit
                0x00011334                mvXorCtrlSet
                0x00011390                mvXorEccCurrTimerGet
                0x000113b0                mvXorStateGet
                0x00011408                mvXorTransfer
                0x00011504                mvXorMemInit
                0x0001163c                mvXorEccClean
                0x000117b0                mvXorCommandSet
                0x00011904                mvXorHalInit
                0x00011944                mvXorOverrideSet
                0x00011a28                mvXorOverrideDisable
                0x00011a5c                xorSetSrcBurstLimit
                0x00011ab0                mvXorTargetWinRead
                0x00011cc0                mvXorTargetWinWrite
                0x00011e64                mvXorTargetWinEnable
                0x00011f5c                mvXorWinInit
                0x00012004                mvXorProtWinSet
                0x000120a8                mvXorPciRemap
                0x000120ec                mvPciIfInit
                0x00012134                mvPciIfConfigRead
                0x00012138                mvPciIfConfigWrite
                0x0001213c                mvPciIfMasterEnable
                0x00012140                mvPciIfSlaveEnable
                0x00012144                mvPciIfLocalBusNumSet
                0x00012148                mvPciIfLocalBusNumGet
                0x0001214c                mvPciIfLocalDevNumSet
                0x00012150                mvPciIfLocalDevNumGet
                0x00012154                mvPciIfTypeGet
                0x0001215c                mvPciRealIfNumGet
                0x00012160                mvPciClassNameGet
                0x00012a88                mvPciScan
                0x00012bbc                mvSdmmcWinRead
                0x00012c60                mvSdmmcWinWrite
                0x00012dc0                mvSdmmcWinInit
                0x00012eb4                setNANDClock
                0x00012f08                mvNfcSelectChip
                0x00012f14                mvNfcDataLength
                0x00012fb0                mvNfcTransferDataLength
                0x0001311c                mvNfcCommandPio
                0x00013774                mvNfcStatusGet
                0x00013824                mvNfcIntrSet
                0x000138a4                mvNfcIntrToStatusConvert
                0x00013908                mvNfcReadWrite
                0x000139dc                mvNfcReadWritePio
                0x00013a34                mvNfcAddress2RowConvert
                0x00013aa8                mvNfcAddress2BlockConvert
                0x00013ae4                mvNfcFlashModelGet
                0x00013b0c                mvNfcFlashPageSizeGet
                0x00013bc0                mvNfcFlashBlockSizeGet
                0x00013c20                mvNfcFlashBlockNumGet
                0x00013c64                mvNfcFlashIdGet
                0x00013ca8                mvNfcUnitStateStore
                0x00013d2c                mvNfcReset
                0x00013dac                mvNfcInit
                0x00014714                mvNfcEccModeSet
                0x00014724                mvNfcBadBlockPageNumber
                0x00014740                mvSysDdrSpdRead
                0x00014780                mvSysDdrSpdWrite
                0x000147c0                mvSysEthPhyInit
                0x00014840                mvSysPexInit
                0x000148e0                mvSysSataWinInit
                0x00014918                mvSysSpiInit
                0x0001494c                mvSysSpiMppConfig
                0x00014954                mvSysUsbInit
                0x000149e8                mvSysSDmmcWinInit
                0x00014a20                mvSysCntmrInit
                0x00014a50                mvSysXorInit
                0x00014a9c                mvCtrlAttribGet
                0x00014ac0                mvCtrlAttribSet
                0x00014ae4                mvCtrlTargetGet
                0x00014b34                mvCtrlTargetByWinInfoGet
                0x00014b84                mvCtrlAddrWinMapBuild
                0x00014ed8                mvCtrlAddrWinInfoGet
                0x00014f7c                mvCtrlGetCpuNum
                0x00014f90                mvCtrlGetQuadNum
                0x00014fa4                mvCtrlMppRegGet
                0x00014fb8                mvCtrlSdioSupport
                0x00014fc0                mvCtrlTdmSupport
                0x00014fc8                mvCtrlTdmMaxGet
                0x00014fd0                mvCtrlTdmUnitTypeGet
                0x00014fd8                mvCtrlTdmUnitIrqGet
                0x00014fe0                mvCtrlModelGet
                0x00015014                mvCtrlUsbMaxGet
                0x00015034                mvCtrlXorMaxUnitGet
                0x00015048                mvCtrlXorMaxChanGet
                0x0001505c                mvCtrlSataMaxPortGet
                0x00015070                mvCtrlEthMaxCPUsGet
                0x00015084                mvCtrlEthMaxPortGet
                0x00015108                mvCtrlPexMaxUnitGet
                0x00015194                mvCtrlPexMaxIfGet
                0x00015218                mvCtrlDevFamilyIdGet
                0x00015284                mvCtrlTargetNameGet
                0x000152a0                ctrlSizeToReg
                0x00015304                ctrlRegToSize
                0x0001536c                ctrlSizeRegRoundUp
                0x000153b8                mvCtrlIsBootFromNOR
                0x000153d4                mvCtrlIsBootFromSPI
                0x000153f4                mvCtrlIsBootFromNAND
                0x00015418                mvCtrlPwrClckSet
                0x000155cc                mvCtrlPwrClckGet
                0x000157e8                mvCtrlAddrDecShow
                0x00015afc                mvCtrlRevGet
                0x00015b58                mvCtrlModelRevGet
                0x00015b74                mvCtrlNameGet
                0x00015bd8                mvCtrlModelRevNameGet
                0x00015e3c                mvCtrlIsValidSatR
                0x00015f14                mvCtrlPwrMemSet
                0x000160b8                mvCtrlPwrMemGet
                0x000161e0                mvCtrlSerdesMaxLinesGet
                0x0001626c                mvCtrlDDRBudWidth
                0x00016288                mvCtrlDDRThruXbar
                0x000162a0                mvCtrlDDRECC
                0x000162b4                mvCtrlSerdesPhyConfig
                0x000165a4                mvCtrlEnvInit
                0x000166a4                mvCtrlGetJuncTemp
                0x00016778                mvCtrlSramInit
                0x00016a08                mvAhbToMbusInit
                0x00016a10                mvAhbToMbusWinGet
                0x00016b1c                mvAhbToMbusWinTargetGet
                0x00016bb8                mvAhbToMbusWinAvailGet
                0x00016c1c                mvAhbToMbusWinEnable
                0x00016cf4                mvAhbToMbusWinSet
                0x00016e58                mvAhbToMbusWinRemap
                0x00016f1c                mvAhbToMbusWinTargetSwap
                0x00017198                mvAhbToMbusAddDecShow
                0x00017260                mvCpuIfVerify
                0x00017308                mvCpuIfDramInit
                0x000173a0                mvCpuIfTargetWinGet
                0x00017504                mvCpuIfTargetWinSet
                0x00017610                mvCpuIfTargetWinEnable
                0x000176fc                mvCpuIfInitForCpu
                0x000178a4                mvCpuIfInit
                0x000178bc                mvCpuIfTargetWinSizeGet
                0x00017918                mvCpuIfTargetWinBaseLowGet
                0x00017978                mvCpuIfTargetWinBaseHighGet
                0x000179d4                mvCpuIfSramWinDisable
                0x000179f8                mvCpuIfPexRemap
                0x00017a70                mvCpuIfTargetOfBaseAddressGet
                0x00017af0                mvCpuIfAddDecShow
                0x00017bd8                mvCpuIfLvdsPadsEnable
                0x00017c18                mvCpuPclkGet
                0x00017ca0                mvCpuL2ClkGet
                0x00017d68                mvCpuNameGet
                0x00017e6c                mvCpuIfPrintSystemConfig
                0x00018060                whoAmI
                0x0001806c                mvDevIfPramSet
                0x00018168                mvDevPramGet
                0x000181fc                mvDevWidthGet
                0x0001821c                mvDevNandDevCsSet
                0x000182ac                mvBoardSpecInitGet
                0x000182b4                mvBoardDebugLedNumGet
                0x000182c8                mvBoardTdmSpiModeGet
                0x000182d0                mvBoardIdSet
                0x000182ec                mvBoardIdGet
                0x000182fc                mvBoardTwsiAddrGet
                0x00018364                mvBoardTwsiAddrTypeGet
                0x00018448                mvBoardGetDeviceBaseAddr
                0x00018470                boardGetDevCSNum
                0x000184bc                mvBoardGetDeviceWinSize
                0x00018510                mvBoardGetDeviceWidth
                0x0001855c                mvBoardNandWidthGet
                0x000185b0                mvBoardGetDeviceBusWidth
                0x000185fc                mvBoardGetDevicesNumber
                0x00018668                mvBoardTdmSpiCsGet
                0x000186d0                mvBoardTdmDevicesCountGet
                0x0001871c                mvBoardGppConfigGet
                0x000187a8                mvBoardMppGet
                0x00018808                mvBoardGpioIntMaskGet
                0x00018884                mvBoarGpioPinNumGet
                0x00018904                mvBoardUSBVbusEnGpioPinGet
                0x00018910                mvBoardUSBVbusGpioPinGet
                0x0001891c                mvBoardSDIOGpioPinGet
                0x00018938                mvBoardResetGpioPinGet
                0x00018944                mvBoardReset
                0x000189c4                mvBoardDebugLed
                0x00018adc                mvBoardSysClkGet
                0x00018ba0                mvBoardTclkGet
                0x00018be4                mvBoardPhyLinkCryptPortAddrGet
                0x00018c30                mvBoardQuadPhyAddr0Get
                0x00018c7c                mvBoardPhyAddrGet
                0x00018cc8                mvBoardSwitchCpuPortGet
                0x00018d28                mvBoardIsPortInSgmii
                0x00018d9c                mvBoardNameGet
                0x00018e0c                mvBoardRevGet
                0x00018e20                mvBoardModelGet
                0x00018e34                mvBoardEnvInit
                0x00018fac                mvBoardTwsiSatRGet
                0x00019054                mvBoardTwsiSatRSet
                0x000190fc                mvBoardFabFreqGet
                0x0001916c                mvBoardFabFreqSet
                0x0001922c                mvBoardCpuFreqGet
                0x0001929c                mvBoardCpuFreqSet
                0x0001939c                mvBoardBootDevGet
                0x000193e0                mvBoardBootDevSet
                0x00019448                mvBoardBootDevWidthGet
                0x00019488                mvBoardBootDevWidthSet
                0x000194f4                mvBoardCpu0EndianessGet
                0x00019530                mvBoardCpu0EndianessSet
                0x00019590                mvBoardL2SizeGet
                0x000195fc                mvBoardL2SizeSet
                0x00019690                mvBoardCpuCoresNumGet
                0x00019724                mvBoardCpuCoresNumSet
                0x000197c8                mvBoardConfIdSet
                0x000197ec                mvBoardConfIdGet
                0x00019814                mvBoardPexCapabilitySet
                0x00019864                mvBoardPexCapabilityGet
                0x000198d8                mvBoardPexModeSet
                0x00019928                mvBoardPexModeGet
                0x00019954                mvBoardDramEccSet
                0x000199b4                mvBoardDramEccGet
                0x000199ec                mvBoardDramBusWidthSet
                0x00019a4c                mvBoardDramBusWidthGet
                0x00019a84                mvBoardAltFabFreqGet
                0x00019ac0                mvBoardAltFabFreqSet
                0x00019af8                mvBoardMppModulesScan
                0x00019bc0                mvBoardOtherModulesScan
                0x00019d60                mvBoardIsPexModuleConnected
                0x00019d94                mvBoardIsSetmModuleConnected
                0x00019dc8                mvBoardIsSwitchModuleConnected
                0x00019df8                mvBoardMacSpeedGet
                0x00019e60                mvBoardIsLvdsModuleConnected
                0x00019e94                mvBoardOtherModuleTypePrint
                0x00019eec                mvBoardIsLcdDviModuleConnected
                0x00019f2c                mvBoardIsGMIIModuleConnected
                0x00019f6c                mvBoardMppModuleTypePrint
                0x00019fe8                mvBoardIsPortInGmii
                0x0001a00c                mvBoardIsPortInRgmii
                0x0001a024                mvBoardTwsiMuxChannelSet
                0x0001a0c4                mvBoardTwsiReadByteThruMux
                0x0001a100                mvBoardSerdesZ1ASupport
                0x0001a114                mvBoardSmiScanModeGet
                0x0001a160                mvBoardSledCpuNumGet
                0x0001a174                mvBoardPexInfoGet
                0x0001a19c                mvBoardIsGbEPortConnected
                0x0001a20c                serial_init
                0x0001a254                serial_putc
                0x0001a280                serial_getc
                0x0001a294                serial_tstc
                0x0001a2a4                serial_setbrg
                0x0001a2e4                serial_puts
                0x0001a6ac                orion_nfc_wait_for_completion_timeout
                0x0001b240                board_nand_init
                0x0001b5e0                rtc_get
                0x0001b640                rtc_set
                0x0001b6bc                rtc_reset
                0x0001b790                mapPci_cmd
                0x0001b878                se_cmd
                0x0001b944                me_cmd
                0x0001b9b0                scanPci
                0x0001bc54                sp_cmd
                0x0001bd64                mv_mem_ctrl_dev
                0x0001be94                pci_skip_dev
                0x0001be9c                pci_init_board
                0x0001c380                spi_flash_init
                0x0001c43c                mvSataEventNotify
                0x0001c550                do_diskboot
                0x0001c86c                mvGetSataDeviceType
                0x0001cd34                mvGetPMDeviceInfo
                0x0001ce28                InitChannel
                0x0001ce70                ide_init
                0x0001d6a4                ide_get_dev
                0x0001d6b8                ide_read_write
                0x0001dbbc                ide_read
                0x0001dbec                ide_write
                0x0001dc1c                do_ide
                0x0001e0c8                i2c_init
                0x0001e118                i2c_read
                0x0001e188                i2c_write
                0x0001e1f8                i2c_probe
                0x0001e25c                i2c_set_bus_num
                0x0001e278                i2c_get_bus_num
                0x0001e288                i2c_set_bus_speed
                0x0001e2a4                i2c_get_bus_speed
                0x0001e468                tsc2005_configuration
                0x0001e4ec                mv_ts_init
                0x0001e584                tsc2005_touched
                0x0001e750                spi_init
                0x0001e754                spi_setup_slave
                0x0001e7a4                spi_free_slave
                0x0001e7a8                spi_claim_bus
                0x0001e7b0                spi_release_bus
                0x0001e7b4                spi_cs_is_valid
                0x0001e7c8                spi_cs_activate
                0x0001e7e8                spi_cs_deactivate
                0x0001e7f0                spi_xfer
                0x0001e888                ehci_hcd_init
                0x0001e924                ehci_hcd_stop
                0x0001e92c                mvEthSwitchRegWrite
                0x0001e9f4                mvEthSwitchRegRead
                0x0001eb60                mvEthE6131SwitchBasicInit
                0x0001ec10                mvEthE6063SwitchBasicInit
                0x0001ec20                mvEthE6065_61SwitchBasicInit
                0x0001ec30                mvEthE6171SwitchBasicInit
                0x0001ee08                mvEthE6161SwitchBasicInit
                0x0001ef94                mvEthSwitchPhyRegWrite
                0x0001f04c                mvEthSwitchPhyRegRead
                0x0001f108                recoveryDetection
                0x0001f1f0                recoveryHandle
                0x0001f748                do_rcvr
                0x0001f75c                recoveryCheck
                0x0001f778                whoAmI_cmd
                0x0001f79c                training_cmd
                0x0001fad4                printTempMsg
                0x0001faf0                phy_write_cmd
                0x0001fb4c                phy_read_cmd
                0x0001fba4                displayMemoryMap_cmd
                0x0001fbb8                sg_cmd
                0x0001fc14                temperature_cmd
                0x0001fc38                ir_cmd
                0x0001fe3c                xor_waiton_eng
                0x0001fee8                mvDma_cmd
                0x000204c0                mvIntrfaceWidthPrint
                0x000204cc                mvIntrfaceParamPrint
                0x00020580                dram_init
                0x000205a4                dram_init_banksize
                0x00020650                mvBoardEgigaPhyInit
                0x000206dc                nand_burn_uboot_cmd
                0x0002096c                spi_burn_uboot_cmd
                0x00020b8c                burn_uboot_cmd
                0x00020c40                resetenv_cmd
                0x00020cf4                pcie_phy_write_cmd
                0x00020d50                pcie_phy_read_cmd
                0x00020da8                mv_print_map
                0x00020e1c                print_mvBanner
                0x00020eb4                maskAllInt
                0x00020ee8                enable_caches
                0x00020eec                misc_init_r_dec_win
                0x00020fec                board_late_init
                0x00021004                pcie_tune
                0x0002103c                board_eth_init
                0x00021064                board_mmc_init
                0x00021078                mvTclkGet
                0x000210a0                board_init
                0x00021198                mvSysClkGet
                0x000211c0                print_cpuinfo
                0x00021358                mvGetRtcSec
                0x00021384                reset_cpu
                0x00021388                envSetDefault
                0x000213b8                strToLower
                0x000213ec                envVerifyAndSet
                0x00021454                misc_init_r_env
                0x00021d34                misc_init_r
                0x00021dd8                ddr_phy_write_cmd
                0x00021e34                ddr_phy_read_cmd
                0x00021f04                amp_verify_cmd
                0x00022700                amp_boot_cmd
                0x00022870                amp_printenv_cmd
                0x00022ed0                amp_config_cmd
                0x00023058                amp_init
                0x00023110                amp_wait_to_boot
                0x00023158                mv_amp_group_setup
                0x000236b4                amp_boot
                0x000236e0                mvDramCsSizeGet
                0x00023704                mvSysXorInit2
                0x00023794                mvSysXorFinish2
                0x000237c0                mvDramScrubbing
                0x000238d4                mvSysNetaInit
                0x00023a80                mvNetaMaxCheck
                0x00023ad0                mvNetaPortCheck
                0x00023ae8                mvNetaTxpCheck
                0x00023b20                mvNetaCpuCheck
                0x00023b30                mvNetaPortDestroy
                0x00023b84                mvNetaAccMode
                0x00023b8c                mvNetaHalInit
                0x00023c20                mvNetaRxqCpuMaskSet
                0x00023cac                mvNetaTxqCpuMaskSet
                0x00023d38                mvEthGmacRgmiiSet
                0x00023d90                mvNetaPortPowerUp
                0x00023e1c                mvNetaPortPowerDown
                0x00023e20                mvNetaMaxRxSizeSet
                0x00023e80                mvNetaForceLinkModeSet
                0x00023f10                mvNetaSpeedDuplexSet
                0x00024010                mvNetaSpeedDuplexGet
                0x000240d0                mvNetaFlowCtrlSet
                0x00024198                mvNetaFlowCtrlGet
                0x00024244                mvNetaLinkIsUp
                0x00024288                mvNetaLinkStatus
                0x0002433c                mvNetaGmacLpiSet
                0x00024394                mvNetaRxUnicastPromiscSet
                0x00024430                mvNetaMacAddrSet
                0x00024554                mvNetaMacAddrGet
                0x000245f4                mvNetaMcastAddrSet
                0x00024d54                mvNetaSetUcastTable
                0x00024dc4                mvNetaSetSpecialMcastTable
                0x00024e34                mvNetaSetOtherMcastTable
                0x00024ee8                mvNetaTosToRxqSet
                0x00024fbc                mvNetaTosToRxqGet
                0x00025068                mvNetaVprioToRxqSet
                0x0002510c                mvNetaVprioToRxqGet
                0x00025188                mvNetaPhyAddrSet
                0x000251ec                mvNetaPhyAddrPollingDisable
                0x00025234                mvNetaPhyAddrGet
                0x0002527c                mvNetaRxReset
                0x0002531c                mvNetaTxpReset
                0x000253b4                mvNetaRxqAddrSet
                0x00025478                mvNetaRxqInit
                0x00025554                mvNetaTxqAddrSet
                0x000255d8                mvNetaTxpRateMaxSet
                0x00025634                mvNetaDefaultsSet
                0x0002589c                mvNetaTxqBandwidthSet
                0x00025908                mvNetaTxqInit
                0x000259ec                mvNetaRxqDelete
                0x00025a8c                mvNetaTxqDelete
                0x00025b40                mvNetaMhSet
                0x00025be4                mvNetaTagSet
                0x00025c88                mvNetaTxMhRegSet
                0x00025d00                mvNetaRxqBufSizeSet
                0x00025d5c                mvNetaRxqTimeCoalSet
                0x00025dd4                mvNetaRxqPktsCoalSet
                0x00025e1c                mvNetaTxDonePktsCoalSet
                0x00025e74                mvNetaRxqTimeCoalGet
                0x00025ee4                mvNetaRxqPktsCoalGet
                0x00025f30                mvNetaTxDonePktsCoalGet
                0x00025f78                mvNetaPortDown
                0x0002615c                mvNetaPortDisable
                0x000261c0                mvNetaPortInit
                0x000262fc                mvNetaRxqOffsetSet
                0x00026354                mvNetaBmPoolBufSizeSet
                0x000263a8                mvNetaRxqBmEnable
                0x00026408                mvNetaRxqBmDisable
                0x00026458                mvNetaTxpEjpBurstRateSet
                0x000264b4                mvNetaTxpEjpMaxPktSizeSet
                0x000264e0                mvNetaTxpEjpTxSpeedSet
                0x0002650c                mvNetaRateCalc
                0x000265e0                mvNetaTxpEjpSet
                0x00026650                mvNetaTxqFixPrioSet
                0x000266e4                mvNetaTxqWrrPrioSet
                0x000267ec                mvNetaTxpMaxTxSizeSet
                0x000268ac                mvNetaTxpRateSet
                0x000269a8                mvNetaTxpBurstSet
                0x00026a4c                mvNetaTxqRateSet
                0x00026b5c                mvNetaTxqBurstSet
                0x00026c2c                mvNetaTcpRxq
                0x00026ca8                mvNetaUdpRxq
                0x00026d24                mvNetaArpRxq
                0x00026da0                mvNetaBpduRxq
                0x00026e2c                mvNetaMibCounterRead
                0x00026e8c                mvNetaMibCountersClear
                0x00026ee0                mvNetaPortUp
                0x00026fd4                mvNetaPortEnable
                0x00027038                mvNetaWinRead
                0x000270f8                mvNetaWinEnable
                0x00027190                mvNetaWinWrite
                0x000273bc                mvNetaWinInit
                0x000274bc                mvNetaProtWinSet
                0x00027638                mvEthTxpWrrRegs
                0x00027810                mvEthPortRegs
                0x0002794c                mvEthRegs
                0x00027a74                mvNetaGmacRegs
                0x00027ba4                mvNetaRxqRegs
                0x00027ccc                mvNetaTxqRegs
                0x00027dc0                mvNetaTxpRegs
                0x00027e4c                mvNetaPortRegs
                0x00027fc4                mvNetaPortStatus
                0x00028144                mvNetaRxqShow
                0x000282f8                mvNetaTxqShow
                0x0002849c                mvEthPortCounters
                0x000287dc                mvEthPortRmonCounters
                0x000288b4                mvEthPortUcastShow
                0x000289b8                mvEthPortMcastShow
                0x00028b0c                mvNetaCpuDump
                0x00029300                mv_eth_initialize
                0x00029490                lowlevel_init
                0x000294ac                _dcache_index_max
                0x000294b0                _dcache_index_inc
                0x000294b4                _dcache_set_max
                0x000294b8                _dcache_set_index
                0x000294bc                cpu_dcache_flush_all
                0x000294f8                cpu_icache_flush_invalidate_all
                0x0002950c                lock_hw_mutex
                0x00029540                unlock_hw_mutex
                0x00029554                linuxMicroLoader
                0x000295d8                vxWorksMicroLoader
 .text          0x00029648    0x18e70 common/libcommon.o
                0x00029660                do_bdinfo
                0x00029798                do_go_exec
                0x000297b4                do_go
                0x00029924                do_bootd
                0x00029964                do_iminfo
                0x0002a198                arch_preboot_os
                0x0002a198                __arch_preboot_os
                0x0002a19c                do_bootm_subcommand
                0x0002a3e4                do_bootm
                0x0002a694                bootm_maybe_autostart
                0x0002a70c                do_coninfo
                0x0002a814                mk_date
                0x0002a9e8                do_date
                0x0002ab2c                do_echo
                0x0002abb0                eeprom_read
                0x0002ac28                eeprom_write
                0x0002aca0                do_eeprom
                0x0002adc4                eeprom_probe
                0x0002add0                eeprom_init
                0x0002add4                mv_swab32
                0x0002adec                mv_swab16
                0x0002aedc                do_bootelf_exec
                0x0002af24                valid_elf_image
                0x0002af94                do_bootvx
                0x0002b288                do_bootelf
                0x0002b3e0                do_exit
                0x0002b414                do_ext2load
                0x0002b718                do_ext2ls
                0x0002b844                do_fat_fsinfo
                0x0002b920                do_fat_ls
                0x0002ba2c                do_fat_fsload
                0x0002bbb0                do_help
                0x0002c580                i2c_init_board
                0x0002c580                __def_i2c_init_board
                0x0002c584                __def_i2c_get_bus_speed
                0x0002c590                __def_i2c_set_bus_speed
                0x0002c61c                binary_test
                0x0002c7e4                do_itest
                0x0002c914                do_jffs2_ls
                0x0002c978                do_jffs2_fsload
                0x0002cab8                do_jffs2_fsinfo
                0x0002cf4c                do_load_serial
                0x0002d0f0                send_pad
                0x0002d120                ktrans
                0x0002d144                chk1
                0x0002d16c                s1_sendpacket
                0x0002d194                send_ack
                0x0002d1f0                send_nack
                0x0002d24c                k_data_init
                0x0002d270                k_data_save
                0x0002d294                k_data_restore
                0x0002d2b8                k_data_char
                0x0002d30c                handle_send_packet
                0x0002d4cc                do_load_serial_bin
                0x0002d968                do_mem_base
                0x0002d9ac                do_mem_mtest
                0x0002db54                do_mem_loop
                0x0002dc4c                do_mem_md
                0x0002dd28                do_mem_crc
                0x0002ddd4                do_mem_cp
                0x0002deb4                do_mem_cmp
                0x0002e044                do_mem_mw
                0x0002e240                do_mem_nm
                0x0002e258                do_mem_mm
                0x0002e270                do_sleep
                0x0002e2f4                do_mmcops
                0x0002e798                do_mmcinfo
                0x0002f3b4                mtd_device_validate
                0x0002f3e8                device_find
                0x0002f968                mtd_id_parse
                0x0002fa7c                find_dev_and_part
                0x0002fc38                mtdparts_init
                0x00030210                do_mtdparts
                0x000307ac                do_chpart
                0x00030a1c                do_nandboot
                0x00031020                do_nand
                0x00031d00                do_nfs
                0x00031d0c                do_dhcp
                0x00031d28                do_tftpb
                0x00031d34                do_bootp
                0x00031d40                do_ping
                0x000320e4                do_env_save
                0x000321b8                do_env_print
                0x0003223c                get_env_id
                0x0003224c                _do_env_set
                0x000325dc                do_env_set
                0x000325f8                setenv
                0x0003289c                setenv_ulong
                0x000328bc                setenv_addr
                0x000328f4                envmatch
                0x0003295c                getenv_f
                0x00032a18                getenv
                0x00032a88                getenv_ulong
                0x00032abc                do_env_edit
                0x00032c84                pci_header_show_brief
                0x00032d08                pci_header_show
                0x000335fc                pciinfo
                0x0003371c                do_pci
                0x00033b0c                do_pxe
                0x00034694                do_pxe_boot
                0x000348f4                pxe_env_files
                0x000349ac                do_pxe_get
                0x00034c0c                scsi_get_dev
                0x00034c28                scsi_ident_cpy
                0x00034c88                scsi_trim_trail
                0x00034cbc                scsi_setup_test_unit_ready
                0x00034cf4                scsi_setup_read_capacity
                0x00034d40                scsi_setup_read_ext
                0x00034d98                scsi_read
                0x00034e84                do_scsiboot
                0x00035170                scsi_setup_read6
                0x000351b4                scsi_setup_inquiry
                0x000351fc                scsi_scan
                0x00035494                scsi_init
                0x00035508                do_scsi
                0x00035e6c                source
                0x00035f94                do_source
                0x00035fd8                do_spi
                0x000361fc                do_false
                0x00036204                do_true
                0x0003620c                do_test
                0x00037474                do_ubifs_load
                0x0003754c                do_ubifs_ls
                0x000375b4                do_ubifs_mount
                0x00037610                ubifs_is_mounted
                0x00037620                cmd_ubifs_umount
                0x00037678                do_ubifs_umount
                0x000376c4                do_usbboot
                0x00037a08                usb_get_class_desc
                0x00037acc                usb_display_class_sub
                0x00037c40                usb_display_string
                0x00037c80                usb_display_desc
                0x00037dac                usb_display_conf_desc
                0x00037e5c                usb_display_if_desc
                0x00037eec                usb_display_ep_desc
                0x00037fa8                usb_display_config
                0x0003802c                usb_show_tree_graph
                0x00038254                usb_show_tree
                0x00038288                do_usb
                0x000387f4                do_version
                0x00038830                do_imgextract
                0x00038aec                find_cmd_tbl
                0x00038b8c                find_cmd
                0x00038bb4                cmd_usage
                0x00038c14                _do_help
                0x00038d9c                var_complete
                0x00038e28                cmd_auto_complete
                0x000392a0                cmd_get_data_size
                0x00039398                serial_printf
                0x000393dc                fgetc
                0x00039408                ftstc
                0x00039434                fputc
                0x00039460                fputs
                0x0003948c                fprintf
                0x000394d4                getc
                0x000394fc                tstc
                0x00039524                putc
                0x00039550                puts
                0x0003957c                printf
                0x000395cc                vprintf
                0x00039610                ctrlc
                0x00039660                disable_ctrlc
                0x00039678                had_ctrlc
                0x00039688                clear_ctrlc
                0x0003969c                dbg
                0x000396a8                search_device
                0x000396d4                console_assign
                0x00039718                console_init_f
                0x00039728                stdio_print_current_devices
                0x0003972c                console_init_r
                0x0003980c                sbrk
                0x0003986c                mem_malloc_init
                0x00039890                malloc_trim
                0x0003995c                free
                0x00039b80                cfree
                0x00039b84                malloc
                0x0003a150                calloc
                0x0003a228                memalign
                0x0003a33c                pvalloc
                0x0003a354                valloc
                0x0003a360                realloc
                0x0003a76c                malloc_usable_size
                0x0003a7ac                mallopt
                0x0003a820                env_get_addr
                0x0003a844                env_get_char_memory
                0x0003a858                env_get_char
                0x0003a88c                set_default_env
                0x0003a930                env_import
                0x0003aa00                env_relocate
                0x0003aa30                env_complete
                0x0003ab18                env_get_char_spec
                0x0003ab24                saveenv
                0x0003ac80                env_relocate_spec
                0x0003ad3c                env_init
                0x0003ad5c                get_version
                0x0003ad64                jumptable_init
                0x0003af94                do_showvar
                0x0003b510                get_local_var
                0x0003b6d4                set_local_var
                0x0003b894                unset_local_var
                0x0003b93c                new_pipe
                0x0003b9b4                reserved_word
                0x0003bc80                mapset
                0x0003bca4                update_ifs_map
                0x0003bd14                parse_string_outer
                0x0003cc14                parse_file_outer
                0x0003cc5c                u_boot_hush_start
                0x0003ccec                image_check_hcrc
                0x0003cd40                image_check_dcrc
                0x0003cd80                image_multi_count
                0x0003cda4                image_multi_getimg
                0x0003ce2c                getenv_yesno
                0x0003ce54                getenv_bootm_low
                0x0003ce84                getenv_bootm_size
                0x0003cee4                getenv_bootm_mapsize
                0x0003cf14                memmove_wd
                0x0003cf24                genimg_print_size
                0x0003cf54                get_table_entry_name
                0x0003cf80                genimg_get_os_name
                0x0003cf98                genimg_get_arch_name
                0x0003cfb0                genimg_get_type_name
                0x0003cfc8                genimg_get_comp_name
                0x0003cfe0                image_print_contents
                0x0003d1ac                get_table_entry_id
                0x0003d1f8                genimg_get_os_id
                0x0003d210                genimg_get_arch_id
                0x0003d228                genimg_get_type_id
                0x0003d240                genimg_get_comp_id
                0x0003d258                genimg_get_format
                0x0003d270                genimg_get_image
                0x0003d274                genimg_has_config
                0x0003d27c                boot_get_ramdisk
                0x0003d4b0                boot_ramdisk_high
                0x0003d798                __show_boot_progress
                0x0003d798                show_boot_progress
                0x0003d79c                abortboot
                0x0003d860                run_command2
                0x0003d878                main_loop
                0x0003d8f4                readline_into_buffer
                0x0003e228                readline
                0x0003e244                parse_line
                0x0003e2c8                process_macros
                0x0003e4d8                run_command
                0x0003e6ac                do_run
                0x0003e724                get_ram_size
                0x0003e9dc                menu_default_set
                0x0003ea14                menu_get_choice
                0x0003eaa0                menu_item_add
                0x0003eb38                menu_create
                0x0003ebbc                menu_destroy
                0x0003ec78                srec_decode
                0x0003eedc                stdio_get_list
                0x0003eee8                stdio_get_by_name
                0x0003ef40                stdio_clone
                0x0003ef8c                stdio_register
                0x0003efcc                stdio_init
                0x0003f0c4                wait_ms
                0x0003f0ec                usb_stop
                0x0003f11c                usb_disable_asynch
                0x0003f13c                usb_submit_int_msg
                0x0003f140                usb_control_msg
                0x0003f1f4                usb_bulk_msg
                0x0003f25c                usb_maxpacket
                0x0003f278                usb_set_maxpacket
                0x0003f2d4                usb_parse_config
                0x0003f448                usb_clear_halt
                0x0003f4f4                usb_get_descriptor
                0x0003f554                usb_get_configuration_no
                0x0003f5ec                usb_set_address
                0x0003f630                usb_set_interface
                0x0003f6f0                usb_set_configuration
                0x0003f758                usb_set_protocol
                0x0003f7b0                usb_set_idle
                0x0003f810                usb_get_report
                0x0003f878                usb_get_class_descriptor
                0x0003f8e0                usb_get_string
                0x0003fa5c                usb_string
                0x0003fb5c                usb_get_dev_index
                0x0003fb88                usb_alloc_new_device
                0x0003fc10                usb_get_hub_descriptor
                0x0003fc6c                usb_clear_hub_feature
                0x0003fcc0                usb_clear_port_feature
                0x0003fd18                usb_set_port_feature
                0x0003fdb8                usb_get_hub_status
                0x0003fe0c                usb_get_port_status
                0x0003ff04                usb_hub_reset
                0x0003ff18                usb_hub_allocate
                0x0003ff60                usb_hub_probe
                0x0003ffb8                usb_new_device
                0x00040264                usb_hub_port_connect_change
                0x00040354                usb_hub_configure
                0x00040558                usb_scan_devices
                0x000405e0                usb_init
                0x00040940                usb_stor_read
                0x00040b20                usb_stor_write
                0x00040d00                usb_stor_get_dev
                0x00040d24                usb_show_progress
                0x00040d28                usb_stor_info
                0x00040d98                usb_stor_BBB_comdat
                0x00040e74                usb_stor_CB_comdat
                0x000410c0                usb_stor_CBI_get_status
                0x00041190                usb_stor_CB_transport
                0x00041388                usb_stor_BBB_clear_endpt_stall
                0x000413d8                usb_stor_BBB_transport
                0x000415a0                usb_storage_probe
                0x000417c0                usb_stor_get_info
                0x000419dc                usb_stor_scan
                0x00041bf0                CYGACC_COMM_IF_GETC_TIMEOUT
                0x00041ee0                CYGACC_COMM_IF_PUTC
                0x00041ee8                parse_num
                0x00042004                xyzModem_stream_open
                0x00042154                xyzModem_stream_read
                0x000423a8                xyzModem_stream_close
                0x000423fc                xyzModem_stream_terminate
                0x00042498                xyzModem_error
 .text          0x000424b8     0x1604 disk/libdisk.o
                0x0004257c                get_dev
                0x000425e0                dev_print
                0x0004285c                init_part
                0x000428a8                get_partition_info
                0x000428f0                print_part
                0x00042e24                test_part_dos
                0x00042e98                print_part_dos
                0x00042ec4                get_partition_info_dos
                0x00042ee4                get_partition_info_iso_verb
                0x000432f0                get_partition_info_iso
                0x000432f8                print_part_iso
                0x0004339c                test_part_iso
                0x000437d8                print_part_efi
                0x0004390c                get_partition_info_efi
                0x00043a14                test_part_efi
 .text          0x00043abc     0x2cd4 drivers/block/libblock.o
                0x00045120                scsi_write_dword
                0x00045134                scsi_read_dword
                0x00045148                scsi_exec
                0x00045718                scsi_write_phy_vsr_addr
                0x00045738                scsi_write_phy_vsr_data
                0x00045758                scsi_read_vsr_data
                0x00046658                scsi_low_level_init
                0x0004677c                scsi_bus_reset
                0x0004678c                scsi_print_error
 .text          0x00046790     0x1bb8 drivers/mmc/libmmc.o
                0x00046798                __board_mmc_getcd
                0x00046798                board_mmc_getcd
                0x000467a0                mmc_send_cmd
                0x0004685c                mmc_send_status
                0x00046920                mmc_set_blocklen
                0x00046958                find_mmc_device
                0x00046d5c                mmc_read_blocks
                0x00046f2c                mmc_go_idle
                0x00046f80                sd_send_op_cond
                0x000470cc                mmc_send_op_cond
                0x00047220                mmc_send_ext_csd
                0x00047274                mmc_switch
                0x000472d0                mmc_change_freq
                0x00047384                mmc_switch_part
                0x000473c4                sd_switch
                0x00047434                sd_change_freq
                0x00047614                mmc_set_ios
                0x00047628                mmc_set_clock
                0x00047658                mmc_set_bus_width
                0x00047670                mmc_startup
                0x00047cf4                mmc_send_if_cond
                0x00047d70                mmc_register
                0x00047df4                mmc_get_dev
                0x00047e0c                mmc_init
                0x00047ec4                cpu_mmc_init
                0x00047ecc                print_mmc_devices
                0x00047f30                get_mmc_num
                0x00047f40                mmc_initialize
                0x000482b8                mrvl_mmc_initialize
 .text          0x00048348      0xf38 drivers/mtd/libmtd.o
                0x00048348                add_mtd_device
                0x000483b8                del_mtd_device
                0x00048408                get_mtd_device
                0x00048484                get_mtd_device_nm
                0x000484f4                put_mtd_device
                0x00048b2c                mtd_erase_callback
                0x00048ba0                del_mtd_partitions
                0x00048c2c                add_mtd_partitions
 .text          0x00049280     0x5df4 drivers/mtd/nand/libnand.o
                0x00049280                nand_init
                0x0004a370                nand_update_bbt
                0x0004a634                nand_scan_bbt
                0x0004aae4                nand_default_bbt
                0x0004ab98                nand_isbad_bbt
                0x0004ac7c                nand_erase_opts
                0x0004af94                get_len_incl_bad
                0x0004b070                nand_write_skip_bad
                0x0004b284                nand_read_skip_bad
                0x0004b460                nand_calculate_ecc
                0x0004b554                nand_correct_data
                0x0004b694                nand_read_byte
                0x0004b6c8                nand_write_buf
                0x0004b6f8                nand_read_buf
                0x0004b764                nand_write_buf16
                0x0004b798                nand_read_buf16
                0x0004d500                nand_wait_ready
                0x0004e0a0                nand_erase_nand
                0x0004e43c                nand_scan_ident
                0x0004ea78                nand_scan_tail
                0x0004f014                nand_scan
                0x0004f040                nand_release
 .text          0x0004f074      0x9ac drivers/mtd/spi/libspi_flash.o
                0x0004f0ec                spi_flash_cmd_read
                0x0004f10c                spi_flash_cmd
                0x0004f13c                spi_flash_cmd_write
                0x0004f15c                spi_flash_read_common
                0x0004f1ac                spi_flash_cmd_read_fast
                0x0004f218                spi_flash_cmd_poll_bit
                0x0004f2e0                spi_flash_cmd_wait_ready
                0x0004f2ec                spi_flash_cmd_write_multi
                0x0004f498                spi_flash_cmd_erase
                0x0004f620                spi_flash_probe
                0x0004f73c                spi_flash_free
                0x0004f76c                spi_flash_probe_macronix
                0x0004f898                spi_flash_probe_stmicro
 .text          0x0004fa20     0x795c drivers/mtd/ubi/libubi.o
                0x0004fa20                ubi_get_device
                0x0004fa40                ubi_put_device
                0x0004fa50                ubi_get_by_major
                0x0004fa9c                ubi_major2num
                0x0004fae0                ubi_attach_mtd_dev
                0x00050258                ubi_detach_mtd_dev
                0x00050350                ubi_init
                0x000504b4                ubi_exit
                0x000504fc                ubi_mtd_param_parse
                0x00050c08                ubi_change_vtbl_record
                0x00050cc0                ubi_read_volume_table
                0x00051484                ubi_create_volume
                0x000518b8                ubi_remove_volume
                0x000519ec                ubi_resize_volume
                0x00051c6c                ubi_add_volume
                0x00051ccc                ubi_free_volume
                0x00051ea0                ubi_start_update
                0x00052024                ubi_start_leb_change
                0x000520ac                ubi_more_update_data
                0x00052310                ubi_more_leb_change_data
                0x00052434                ubi_get_device_info
                0x00052490                ubi_get_volume_info
                0x00052504                ubi_close_volume
                0x00052568                ubi_open_volume
                0x00052704                ubi_open_volume_nm
                0x000527e0                ubi_leb_read
                0x00052914                ubi_leb_write
                0x00052a10                ubi_leb_change
                0x00052af4                ubi_leb_erase
                0x00052b7c                ubi_leb_unmap
                0x00052be8                ubi_leb_map
                0x00052c90                ubi_is_mapped
                0x00052f24                ubi_eba_unmap_leb
                0x00052fa8                ubi_eba_read_leb
                0x000531e4                ubi_eba_write_leb
                0x00053710                ubi_eba_write_leb_st
                0x000539b4                ubi_eba_atomic_leb_change
                0x00053c7c                ubi_eba_copy_leb
                0x00053f54                ubi_eba_init_scan
                0x00054198                ubi_eba_close
                0x000542c0                ubi_io_read
                0x000543c4                ubi_io_write
                0x00054468                ubi_io_sync_erase
                0x00054640                ubi_io_is_bad
                0x0005469c                ubi_io_mark_bad
                0x0005471c                ubi_io_read_ec_hdr
                0x00054960                ubi_io_write_ec_hdr
                0x000549ec                ubi_io_read_vid_hdr
                0x00054cd8                ubi_io_write_vid_hdr
                0x00055860                ubi_wl_get_peb
                0x000559e0                ubi_wl_put_peb
                0x00055ad0                ubi_wl_scrub_peb
                0x00055bac                ubi_wl_flush
                0x00055bfc                ubi_thread
                0x00055ca8                ubi_wl_init_scan
                0x00055f78                ubi_wl_close
                0x000561cc                ubi_scan_add_used
                0x000567e4                ubi_scan_find_sv
                0x00056814                ubi_scan_find_seb
                0x00056844                ubi_scan_rm_volume
                0x000568b0                ubi_scan_erase_peb
                0x00056950                ubi_scan_get_free_peb
                0x00056a24                ubi_scan_destroy_si
                0x00056bd0                ubi_scan
                0x00057184                crc32_le
                0x0005726c                ubi_calc_data_len
                0x0005729c                ubi_check_volume
                0x00057350                ubi_calculate_reserved
 .text          0x0005737c     0x444c drivers/net/libnet.o
                0x00058268                e1000_raise_ee_clk
                0x00058288                e1000_lower_ee_clk
                0x000583bc                e1000_standby_eeprom
                0x0005846c                e1000_acquire_eeprom
                0x00058550                e1000_release_eeprom
                0x00058a9c                e1000_set_mac_type
                0x00058da4                e1000_reset_hw
                0x00058ec0                e1000_check_mng_mode
                0x00058efc                fill_rx
                0x0005aa60                e1000_get_bus_type
                0x0005aabc                e1000_initialize
                0x0005af10                e1000_find_card
                0x0005b5f0                eepro100_initialize
 .text          0x0005b7c8      0x27c drivers/net/sk98lin/libsk98lin.o(uboot_drv.o)
                0x0005b9ac                skge_initialize
 .text          0x0005ba44      0x180 drivers/net/sk98lin/libsk98lin.o(uboot_skb.o)
                0x0005ba44                alloc_skb
                0x0005bb30                dev_kfree_skb_any
                0x0005bba4                skb_reserve
                0x0005bbb4                skb_put
 .text          0x0005bbc4     0x1a7c drivers/net/sk98lin/libsk98lin.o(sky2.o)
                0x0005bdec                SkY2RestartStatusUnit
                0x0005be2c                SkY2RlmtSend
                0x0005be34                SkY2AllocateResources
                0x0005c0f4                SkY2FreeResources
                0x0005c14c                SkY2FreeRxBuffers
                0x0005c22c                SkY2FreeTxBuffers
                0x0005c310                SkY2Xmit
                0x0005c3f0                SkY2PortStop
                0x0005c478                SkY2PortStart
                0x0005c6f8                FillReceiveTableYukon2
                0x0005cad4                SkY2Isr
                0x0005d63c                SkY2AllocateRxBuffers
 .text          0x0005d640     0x365c drivers/net/sk98lin/libsk98lin.o(skge.o)
                0x0005d9c8                skge_probe
                0x0005f230                SkGeCheckTimer
                0x0005f250                SkGeXmit
                0x0005f29c                xchg
                0x0005f2ac                SkDrvAllocRlmtMbuf
                0x0005f2fc                SkDrvFreeRlmtMbuf
                0x0005f324                SkOsGetTime
                0x0005f358                ReceiveIrq
                0x0005f788                SkGeIsrOnePort
                0x0005f8a8                SkGeIsr
                0x0005fa3c                SkPciReadCfgDWord
                0x0005fa58                SkPciReadCfgWord
                0x0005fa74                SkPciReadCfgByte
                0x0005fa90                SkPciWriteCfgDWord
                0x0005faac                SkPciWriteCfgWord
                0x0005fac8                SkPciWriteCfgByte
                0x0005fae4                SkLocalEventQueue
                0x0005fb30                SkGeClose
                0x0005fe84                SkGeOpen
                0x00060140                SkLocalEventQueue64
                0x00060194                SkDrvEvent
                0x00060b28                SkErrorLog
                0x00060c18                SkDrvEnterDiagMode
 .text          0x00060c9c      0x224 drivers/net/sk98lin/libsk98lin.o(sky2le.o)
                0x00060c9c                SkGeY2InitSingleLETable
                0x00060d24                SkGeY2InitPrefetchUnit
                0x00060d70                SkGeY2InitStatBmu
                0x00060e28                SkGeY2SetPutIndex
 .text          0x00060ec0      0x3e0 drivers/net/sk98lin/libsk98lin.o(skdim.o)
                0x00060f2c                SkDimModerate
                0x000611a8                SkDimStartModerationTimer
                0x00061228                SkDimEnableModerationIfNeeded
                0x0006124c                SkDimDisableModeration
 .text          0x000612a0     0x11a4 drivers/net/sk98lin/libsk98lin.o(skaddr.o)
                0x000612a0                SkAddrInit
                0x00061718                SkGmacMcHash
                0x00061788                SkAddrGmacMcAdd
                0x0006186c                SkAddrMcAdd
                0x000618a8                SkAddrGmacPromiscuousChange
                0x00061a6c                SkAddrPromiscuousChange
                0x00061a9c                SkAddrGmacMcUpdate
                0x00061c60                SkAddrMcUpdate
                0x00061c84                SkAddrOverride
                0x00062144                SkAddrGmacMcClear
                0x0006221c                SkAddrMcClear
                0x00062254                SkAddrSwap
 .text          0x00062444     0x21ec drivers/net/sk98lin/libsk98lin.o(skgeinit.o)
                0x00062880                SkGePortVlan
                0x000628b8                SkGeRxRss
                0x000628ec                SkGeRxCsum
                0x00062920                SkGePollRxD
                0x00062948                SkGePollTxD
                0x0006299c                SkGeYellowLED
                0x000629c0                SkGeXmitLED
                0x00062a48                SkGeInitAssignRamToQueues
                0x00062cec                DoInitRamQueue
                0x00062e5c                SkGeInitRamIface
                0x00062f00                SkGeStopPort
                0x0006337c                SkGeInit
                0x00063f30                SkGeDeInit
                0x00063ff0                SkGeInitPort
                0x00064314                SkYuk2RestartRxBmu
 .text          0x00064630     0x15d4 drivers/net/sk98lin/libsk98lin.o(skgesirq.o)
                0x00064de4                SkHWLinkDown
                0x000650e8                SkHWLinkUp
                0x00065194                SkGeSirqIsr
                0x000651a8                SkGeYuSirqIsr
                0x000655f8                SkYuk2SirqIsr
                0x00065720                SkGeSirqEvent
 .text          0x00065c04      0xe80 drivers/net/sk98lin/libsk98lin.o(sktwsi.o)
                0x00065f30                SkI2cWait
                0x00065fcc                SkI2cWaitIrq
                0x0006607c                SkI2cWrite
                0x000660cc                SkI2cReadSensor
                0x000660ec                SkI2cInit
                0x000667d4                SkI2cIsr
                0x000667fc                SkI2cEvent
 .text          0x00066a84      0x168 drivers/net/sk98lin/libsk98lin.o(sklm80.o)
                0x00066a84                SkLm80ReadSensor
 .text          0x00066bec      0x20c drivers/net/sk98lin/libsk98lin.o(skqueue.o)
                0x00066bec                SkEventInit
                0x00066c10                SkEventQueue
                0x00066ca0                SkEventDispatcher
 .text          0x00066df8     0x313c drivers/net/sk98lin/libsk98lin.o(skrlmt.o)
                0x00066df8                SkRlmtBuildCheckChain
                0x00066f28                SkRlmtBuildPacket
                0x0006707c                SkRlmtBuildSpanningTreePacket
                0x000671e4                SkRlmtSend
                0x00067368                SkRlmtSelectBcRx
                0x00067490                SkRlmtSelectNotSuspect
                0x00067548                SkRlmtSelectUp
                0x0006760c                SkRlmtSelectGoingUp
                0x000676f4                SkRlmtSelectDown
                0x000677b8                SkRlmtCheckSwitch
                0x00067d7c                SkRlmtPortReceives
                0x00067e50                SkRlmtCheckPort
                0x00068044                SkRlmtCheckSeg
                0x00068174                SkRlmtPacketReceive
                0x000687b8                SkRlmtPortStart
                0x00068814                SkRlmtEvtPortStartTim
                0x00068894                SkRlmtEvtLinkUp
                0x00068b84                SkRlmtEvtPortUpTim
                0x00068c24                SkRlmtEvtPortDownX
                0x00068d50                SkRlmtEvtPortAddr
                0x00068e08                SkRlmtEvtStop
                0x00068fa8                SkRlmtEvtTim
                0x000691b4                SkRlmtEvtSegTim
                0x000691c4                SkRlmtEvtPacketRx
                0x0006923c                SkRlmtEvtStatsClear
                0x000692bc                SkRlmtEvtStatsUpdate
                0x000692c0                SkRlmtEvtPrefportChange
                0x0006935c                SkRlmtEvtSetNets
                0x00069578                SkRlmtEvtModeChange
                0x00069800                SkRlmtEvent
                0x000699e0                SkRlmtEvtStart
                0x00069b30                SkRlmtEvtLinkDown
                0x00069bd4                SkRlmtInit
 .text          0x00069f34      0x298 drivers/net/sk98lin/libsk98lin.o(sktimer.o)
                0x0006a014                SkTimerStop
                0x0006a098                SkTimerStart
                0x0006a184                SkTimerDone
                0x0006a18c                SkTimerInit
 .text          0x0006a1cc     0x1b10 drivers/net/sk98lin/libsk98lin.o(skxmac2.o)
                0x0006a2b8                SkGmPhyRead
                0x0006a390                SkGmPhyWrite
                0x0006afb0                SkMacPromiscMode
                0x0006afe4                SkMacHashing
                0x0006b018                SkMacFlushTxFifo
                0x0006b01c                SkMacFlushRxFifo
                0x0006b020                SkMacHardRst
                0x0006b05c                SkMacClearRst
                0x0006b070                SkMacInitPhy
                0x0006b084                SkMacSetRxTxEn
                0x0006b0e4                SkMacRxTxEnable
                0x0006b1d0                SkMacAutoNegDone
                0x0006b45c                SkMacRxTxDisable
                0x0006b488                SkMacSoftRst
                0x0006b55c                SkMacIrqDisable
                0x0006b594                SkMacAutoNegLipaPhy
                0x0006b5bc                SkMacIrq
                0x0006b66c                SkGmUpdateStats
                0x0006b674                SkGmMacStatistic
                0x0006b6d8                SkGmResetCounter
                0x0006b720                SkGmInitMac
                0x0006b9b8                SkGmOverflowStatus
                0x0006ba5c                SkGmCableDiagStatus
 .text          0x0006bcdc      0x1cc drivers/net/sk98lin/libsk98lin.o(skgehwt.o)
                0x0006bcdc                SkHwtInit
                0x0006bd1c                SkHwtStart
                0x0006bd7c                SkHwtStop
                0x0006bda0                SkHwtRead
                0x0006be6c                SkHwtIsr
 .text          0x0006bea8     0x16e4 drivers/pci/libpci.o
                0x0006bea8                pci_hose_read_config_byte
                0x0006bebc                pci_hose_read_config_word
                0x0006bed0                pci_hose_read_config_dword
                0x0006bee4                pci_hose_write_config_byte
                0x0006bef8                pci_hose_write_config_word
                0x0006bf0c                pci_hose_write_config_dword
                0x0006bf20                pci_hose_read_config_byte_via_dword
                0x0006bf68                pci_hose_read_config_word_via_dword
                0x0006bfb0                pci_hose_write_config_byte_via_dword
                0x0006c028                pci_hose_write_config_word_via_dword
                0x0006c0a0                pci_register_hose
                0x0006c0cc                pci_bus_to_hose
                0x0006c11c                pci_write_config_dword
                0x0006c15c                pci_write_config_word
                0x0006c19c                pci_write_config_byte
                0x0006c1dc                pci_read_config_dword
                0x0006c220                pci_read_config_word
                0x0006c264                pci_read_config_byte
                0x0006c2a8                find_hose_by_cfg_addr
                0x0006c2d4                pci_last_busno
                0x0006c30c                pci_find_devices
                0x0006c408                pci_find_device
                0x0006c420                __pci_hose_phys_to_bus
                0x0006c4a4                pci_hose_phys_to_bus
                0x0006c51c                __pci_hose_bus_to_phys
                0x0006c5a4                pci_hose_bus_to_phys
                0x0006c61c                pci_map_bar
                0x0006c654                pci_hose_config_device
                0x0006c860                pci_find_config
                0x0006c910                pci_cfgfunc_config_device
                0x0006c934                pci_cfgfunc_do_nothing
                0x0006c938                pci_class_str
                0x0006cab0                __pci_skip_dev
                0x0006cac4                pci_hose_scan_bus
                0x0006cc4c                pci_hose_scan
                0x0006cc78                pci_init
                0x0006cc8c                pciauto_region_init
                0x0006cca0                pciauto_region_align
                0x0006ccbc                pciauto_region_allocate
                0x0006cd14                pciauto_setup_device
                0x0006cee8                pciauto_prescan_setup_bridge
                0x0006d05c                pciauto_postscan_setup_bridge
                0x0006d13c                pciauto_config_init
                0x0006d248                pciauto_config_device
                0x0006d538                pci_setup_indirect
 .text          0x0006d58c        0x0 drivers/pcmcia/libpcmcia.o
 .text          0x0006d58c      0x280 drivers/rtc/librtc.o
                0x0006d58c                GregorianDay
                0x0006d674                to_tm
                0x0006d778                mktime
 .text          0x0006d80c      0xbb4 drivers/usb/host/libusb_host.o
                0x0006dd50                ehci_powerup_fixup
                0x0006dd50                __ehci_powerup_fixup
                0x0006dd58                ehci_submit_root
                0x0006e1d0                usb_lowlevel_stop
                0x0006e1d4                usb_lowlevel_init
                0x0006e328                submit_bulk_msg
                0x0006e350                submit_control_msg
                0x0006e3b4                submit_int_msg
 .text          0x0006e3c0     0x10ac fs/ext2/libext2fs.o
                0x0006e4cc                ext2fs_free_node
                0x0006e4f0                ext2fs_read_file
                0x0006ec1c                ext2fs_find_file1
                0x0006eec4                ext2fs_find_file
                0x0006ef38                ext2fs_ls
                0x0006efb0                ext2fs_open
                0x0006f048                ext2fs_close
                0x0006f100                ext2fs_read
                0x0006f134                ext2fs_mount
                0x0006f1f8                ext2fs_set_blk_dev
                0x0006f25c                ext2fs_devread
 .text          0x0006f46c     0x17c0 fs/fat/libfat.o
                0x0006fbb4                fat_register_device
                0x0006fce4                do_fat_read
                0x00070718                file_fat_detectfs
                0x00070874                file_fat_ls
                0x00070884                file_fat_read
                0x000708bc                file_getfsname
                0x000708d4                file_cd
                0x00070acc                file_detectfs
                0x00070b0c                file_ls
                0x00070b94                file_read
 .text          0x00070c2c     0x1e48 fs/jffs2/libjffs2.o
                0x00070c2c                rtime_decompress
                0x00070cf8                rubin_do_decompress
                0x00070dd8                dynrubin_decompress
                0x00070e14                zlib_decompress
                0x00071124                jffs2_free_cache
                0x00071188                mkmodestr
                0x000717b8                jffs2_1pass_rescan_needed
                0x00071cd8                jffs2_1pass_ls
                0x00071d28                jffs2_1pass_load
                0x0007205c                jffs2_1pass_info
                0x00072214                cramfs_memset
                0x00072274                pull_bits
                0x000722d0                pull_bit
                0x000724c0                decompress_block
 .text          0x00072a74     0xaeec fs/ubifs/libubifs.o
                0x00072df4                ubifs_decompress
                0x00072fc8                ubifs_compressors_init
                0x00072ffc                ubifs_ls
                0x0007348c                ubifs_load
                0x0007379c                ubifs_ro_mode
                0x000737d8                ubifs_check_node
                0x00073968                ubifs_pad
                0x00073a34                ubifs_prepare_node
                0x00073b5c                ubifs_read_node
                0x00073d50                sget
                0x00073de8                iget_locked
                0x00073e38                ubifs_iput
                0x00073e68                iput